06-09 18:13 werkzeug     INFO     127.0.0.1 - - [09/Jun/2019 18:13:56] "GET / HTTP/1.1" 500 -
06-09 18:13 werkzeug     INFO     127.0.0.1 - - [09/Jun/2019 18:13:56] "GET /?__debugger__=yes&cmd=resource&f=style.css HTTP/1.1" 200 -
06-09 18:13 werkzeug     INFO     127.0.0.1 - - [09/Jun/2019 18:13:56] "GET /?__debugger__=yes&cmd=resource&f=jquery.js HTTP/1.1" 200 -
06-09 18:13 werkzeug     INFO     127.0.0.1 - - [09/Jun/2019 18:13:56] "GET /?__debugger__=yes&cmd=resource&f=debugger.js HTTP/1.1" 200 -
06-09 18:13 werkzeug     INFO     127.0.0.1 - - [09/Jun/2019 18:13:56] "GET /?__debugger__=yes&cmd=resource&f=console.png HTTP/1.1" 200 -
06-09 18:13 werkzeug     INFO     127.0.0.1 - - [09/Jun/2019 18:13:56] "GET /?__debugger__=yes&cmd=resource&f=console.png HTTP/1.1" 200 -
06-09 18:17 werkzeug     INFO     127.0.0.1 - - [09/Jun/2019 18:17:53] "GET / HTTP/1.1" 200 -
06-09 18:18 werkzeug     INFO     127.0.0.1 - - [09/Jun/2019 18:18:02] "GET / HTTP/1.1" 200 -
06-09 18:18 werkzeug     INFO     127.0.0.1 - - [09/Jun/2019 18:18:03] "GET / HTTP/1.1" 200 -
06-09 18:18 werkzeug     INFO     127.0.0.1 - - [09/Jun/2019 18:18:03] "GET / HTTP/1.1" 200 -
06-09 18:18 werkzeug     INFO     127.0.0.1 - - [09/Jun/2019 18:18:03] "GET / HTTP/1.1" 200 -
06-09 18:18 werkzeug     INFO     127.0.0.1 - - [09/Jun/2019 18:18:04] "GET / HTTP/1.1" 200 -
06-09 18:18 werkzeug     INFO     127.0.0.1 - - [09/Jun/2019 18:18:04] "GET / HTTP/1.1" 200 -
06-09 18:18 werkzeug     INFO     127.0.0.1 - - [09/Jun/2019 18:18:04] "GET / HTTP/1.1" 200 -
06-09 18:18 werkzeug     INFO     127.0.0.1 - - [09/Jun/2019 18:18:04] "GET / HTTP/1.1" 200 -
06-09 18:28 werkzeug     INFO     127.0.0.1 - - [09/Jun/2019 18:28:30] "GET / HTTP/1.1" 200 -
06-09 18:28 werkzeug     INFO     127.0.0.1 - - [09/Jun/2019 18:28:48] "GET / HTTP/1.1" 500 -
06-09 18:28 werkzeug     INFO     127.0.0.1 - - [09/Jun/2019 18:28:48] "GET /?__debugger__=yes&cmd=resource&f=style.css HTTP/1.1" 200 -
06-09 18:28 werkzeug     INFO     127.0.0.1 - - [09/Jun/2019 18:28:48] "GET /?__debugger__=yes&cmd=resource&f=debugger.js HTTP/1.1" 200 -
06-09 18:28 werkzeug     INFO     127.0.0.1 - - [09/Jun/2019 18:28:48] "GET /?__debugger__=yes&cmd=resource&f=jquery.js HTTP/1.1" 200 -
06-09 18:28 werkzeug     INFO     127.0.0.1 - - [09/Jun/2019 18:28:48] "GET /?__debugger__=yes&cmd=resource&f=console.png HTTP/1.1" 200 -
06-09 18:28 werkzeug     INFO     127.0.0.1 - - [09/Jun/2019 18:28:48] "GET /?__debugger__=yes&cmd=resource&f=console.png HTTP/1.1" 200 -
06-09 18:28 root         ERROR    fail in delete last five days data
Traceback (most recent call last):
  File "/home/liberty/Projects/WebBidAsk/sheduler_service.py", line 45, in clear_old_data_scheduler
    db.delete_old_data()
  File "/home/liberty/Projects/WebBidAsk/db_operations.py", line 34, in delete_old_data
    cursor.execute("delete from bid_ask where timestamp < date('now','-5 days');")
sqlite3.OperationalError: no such table: bid_ask
06-09 18:28 apscheduler.executors.default ERROR    Job "clear_old_data_scheduler (trigger: interval[0:05:00], next run at: 2019-06-09 18:33:56 EEST)" raised an exception
Traceback (most recent call last):
  File "/home/liberty/Projects/WebBidAsk/ScraperBidAsk/lib/python3.6/site-packages/apscheduler/executors/base.py", line 125, in run_job
    retval = job.func(*job.args, **job.kwargs)
  File "/home/liberty/Projects/WebBidAsk/sheduler_service.py", line 50, in clear_old_data_scheduler
    raise e
  File "/home/liberty/Projects/WebBidAsk/sheduler_service.py", line 45, in clear_old_data_scheduler
    db.delete_old_data()
  File "/home/liberty/Projects/WebBidAsk/db_operations.py", line 34, in delete_old_data
    cursor.execute("delete from bid_ask where timestamp < date('now','-5 days');")
sqlite3.OperationalError: no such table: bid_ask
06-09 18:29 root         ERROR    fail in bid ask scheduler RT
Traceback (most recent call last):
  File "/home/liberty/Projects/WebBidAsk/sheduler_service.py", line 21, in save_bid_ask_scheduler
    db.insert(bid_ask_pair, "RT")
  File "/home/liberty/Projects/WebBidAsk/db_operations.py", line 29, in insert
    cursor.execute(query, {'bid_ask_value': str(bid_ask_dict), 'source': str(source), 'timestamp' : datetime.datetime.now()})
sqlite3.OperationalError: no such table: bid_ask
06-09 18:30 root         ERROR    fail in bid ask scheduler F1 both sources failed all data in db will be cleared
Traceback (most recent call last):
  File "/home/liberty/Projects/WebBidAsk/sheduler_service.py", line 21, in save_bid_ask_scheduler
    db.insert(bid_ask_pair, "RT")
  File "/home/liberty/Projects/WebBidAsk/db_operations.py", line 29, in insert
    cursor.execute(query, {'bid_ask_value': str(bid_ask_dict), 'source': str(source), 'timestamp' : datetime.datetime.now()})
sqlite3.OperationalError: no such table: bid_ask

During handling of the above exception, another exception occurred:

Traceback (most recent call last):
  File "/home/liberty/Projects/WebBidAsk/sheduler_service.py", line 31, in save_bid_ask_scheduler
    db.insert(bid_ask_pair, "F1")
  File "/home/liberty/Projects/WebBidAsk/db_operations.py", line 29, in insert
    cursor.execute(query, {'bid_ask_value': str(bid_ask_dict), 'source': str(source), 'timestamp' : datetime.datetime.now()})
sqlite3.OperationalError: no such table: bid_ask
06-09 18:30 apscheduler.executors.default ERROR    Job "save_bid_ask_scheduler (trigger: interval[0:02:00], next run at: 2019-06-09 18:31:56 EEST)" raised an exception
Traceback (most recent call last):
  File "/home/liberty/Projects/WebBidAsk/sheduler_service.py", line 21, in save_bid_ask_scheduler
    db.insert(bid_ask_pair, "RT")
  File "/home/liberty/Projects/WebBidAsk/db_operations.py", line 29, in insert
    cursor.execute(query, {'bid_ask_value': str(bid_ask_dict), 'source': str(source), 'timestamp' : datetime.datetime.now()})
sqlite3.OperationalError: no such table: bid_ask

During handling of the above exception, another exception occurred:

Traceback (most recent call last):
  File "/home/liberty/Projects/WebBidAsk/sheduler_service.py", line 31, in save_bid_ask_scheduler
    db.insert(bid_ask_pair, "F1")
  File "/home/liberty/Projects/WebBidAsk/db_operations.py", line 29, in insert
    cursor.execute(query, {'bid_ask_value': str(bid_ask_dict), 'source': str(source), 'timestamp' : datetime.datetime.now()})
sqlite3.OperationalError: no such table: bid_ask

During handling of the above exception, another exception occurred:

Traceback (most recent call last):
  File "/home/liberty/Projects/WebBidAsk/ScraperBidAsk/lib/python3.6/site-packages/apscheduler/executors/base.py", line 125, in run_job
    retval = job.func(*job.args, **job.kwargs)
  File "/home/liberty/Projects/WebBidAsk/sheduler_service.py", line 35, in save_bid_ask_scheduler
    db.delete_all()
  File "/home/liberty/Projects/WebBidAsk/db_operations.py", line 39, in delete_all
    cursor.execute("delete from bid_ask")
sqlite3.OperationalError: no such table: bid_ask
